RAM Allocation [bytes]
Variable                                                                          Address   Size
------------------------------------------------------------------------------------------------
amplitude                                                                         0x0180       4

EEPROM Allocation [bytes]
Variable                                                                          Address   Size
------------------------------------------------------------------------------------------------

Register Allocation
Variable                                                                          Register  Size
------------------------------------------------------------------------------------------------
mode                                                                              R4           1
sinpos                                                                            R5,R6        2
direct                                                                            R7,R8        2
sinseg_period                                                                     R9,R10       2
sinseg                                                                            R11,R12      2
sys_timer_cnt                                                                     R13,R14      2

FLASH Allocation [words]
Function                                                          Address   Size
--------------------------------------------------------------------------------
timer0_ovf_isr                                                    0x00196     61
sys_timer                                                         0x001D3      1
gen_next_sinpos                                                   0x001D4     86
InsertDeadband                                                    0x0022A     34
set_freq                                                          0x0024C     70
off_pwm                                                           0x00292      7
main                                                              0x00299    110
